// Vitest Snapshot v1, https://vitest.dev/guide/snapshot.html

exports[`golden run (fixed config and seed) > keeps the default Arcane mage’s result unchanged 1`] = `
{
  "abilities": [
    [
      "ignite",
      177521.893400474,
      223,
      418,
      0,
      0,
      0,
      0,
    ],
    [
      "pyroblast",
      1954617.2857855977,
      1433,
      1013,
      223,
      197,
      0,
      0,
    ],
    [
      "pyroblastDot",
      776052.4615861839,
      1236,
      3510,
      730,
      0,
      0,
      0,
    ],
    [
      "arcaneMissiles",
      75358193.15155229,
      35769,
      124355,
      37767,
      13874,
      0,
      0,
    ],
  ],
  "dps": {
    "ci95": 1.0881337172228878,
    "mean": 435.33375967618895,
    "stdev": 17.556347832878224,
  },
  "durationSec": 179.690222,
  "mana": {
    "max": 5538,
    "regeneratedPerFight": 8813.8787,
    "restored": [
      {
        "id": "masterOfElements",
        "name": "Master of Elements",
        "perFight": 29.304,
      },
      {
        "id": "manaRuby",
        "name": "Mana Ruby",
        "perFight": 1102.0115,
      },
      {
        "id": "manaCitrine",
        "name": "Mana Citrine",
        "perFight": 849.8007,
      },
      {
        "id": "majorManaPotion",
        "name": "Major Mana Potion",
        "perFight": 2693.4152000000004,
      },
    ],
    "restoredPerFight": 4674.531400000001,
    "spentPerFight": 15915.445,
  },
  "tps": {
    "ci95": 0.7803881405644428,
    "mean": 317.74552349499356,
    "stdev": 12.591068012642076,
  },
}
`;
