// Vitest Snapshot v1, https://vitest.dev/guide/snapshot.html

exports[`golden run (fixed config and seed) > keeps the default Arcane mage’s result unchanged 1`] = `
{
  "abilities": [
    [
      "ignite",
      154153.03711145258,
      200,
      376,
      0,
      0,
      0,
      0,
    ],
    [
      "pyroblast",
      1902941.362953575,
      1436,
      1060,
      200,
      176,
      0,
      0,
    ],
    [
      "pyroblastDot",
      749814.5318601375,
      1260,
      3634,
      687,
      0,
      0,
      0,
    ],
    [
      "arcaneMissiles",
      65062446.75922477,
      35947,
      129414,
      35251,
      12210,
      0,
      0,
    ],
  ],
  "dps": {
    "ci95": 0.8946976136647943,
    "mean": 377.4521910082691,
    "stdev": 14.43537890805727,
  },
  "durationSec": 179.690222,
  "mana": {
    "max": 5658,
    "regeneratedPerFight": 8084.0126,
    "restored": [
      {
        "id": "masterOfElements",
        "name": "Master of Elements",
        "perFight": 26.327,
      },
      {
        "id": "manaRuby",
        "name": "Mana Ruby",
        "perFight": 1093.8144,
      },
      {
        "id": "manaCitrine",
        "name": "Mana Citrine",
        "perFight": 850.2594,
      },
      {
        "id": "majorManaPotion",
        "name": "Major Mana Potion",
        "perFight": 2427.523,
      },
    ],
    "restoredPerFight": 4397.9238,
    "spentPerFight": 14509.311,
  },
  "tps": {
    "ci95": 0.6462886739198013,
    "mean": 276.45357600093286,
    "stdev": 10.427458114930824,
  },
}
`;
