// Vitest Snapshot v1, https://vitest.dev/guide/snapshot.html

exports[`golden run (fixed config and seed) > keeps the default Arcane mage’s result unchanged 1`] = `
{
  "abilities": [
    [
      "ignite",
      169133.1844460284,
      209,
      392,
      0,
      0,
      0,
      0,
    ],
    [
      "pyroblast",
      2009494.1142166266,
      1436,
      1051,
      209,
      176,
      0,
      0,
    ],
    [
      "pyroblastDot",
      803766.5409899069,
      1260,
      3604,
      717,
      0,
      0,
      0,
    ],
    [
      "arcaneMissiles",
      68740945.3586983,
      35924,
      128137,
      36414,
      12197,
      0,
      0,
    ],
  ],
  "dps": {
    "ci95": 0.9708746705629907,
    "mean": 398.8803384916157,
    "stdev": 15.66444743761534,
  },
  "durationSec": 179.690222,
  "mana": {
    "max": 5373,
    "regeneratedPerFight": 8134.4136,
    "restored": [
      {
        "id": "masterOfElements",
        "name": "Master of Elements",
        "perFight": 27.515,
      },
      {
        "id": "manaRuby",
        "name": "Mana Ruby",
        "perFight": 1094.0296,
      },
      {
        "id": "manaCitrine",
        "name": "Mana Citrine",
        "perFight": 850.223,
      },
      {
        "id": "majorManaPotion",
        "name": "Major Mana Potion",
        "perFight": 2412.7798,
      },
    ],
    "restoredPerFight": 4384.5474,
    "spentPerFight": 14500.221,
  },
  "tps": {
    "ci95": 0.6983339973739454,
    "mean": 291.41577109480306,
    "stdev": 11.267176420846022,
  },
}
`;
