// Vitest Snapshot v1, https://vitest.dev/guide/snapshot.html

exports[`golden run (fixed config and seed) > keeps the default Fire mage’s result unchanged 1`] = `
{
  "abilities": [
    [
      "ignite",
      9262572.294091683,
      15926,
      26446,
      0,
      0,
      0,
      0,
    ],
    [
      "scorch",
      7525086.0721017895,
      12583,
      7745,
      4484,
      354,
      0,
      0,
    ],
    [
      "pyroblast",
      17471036.997738414,
      10766,
      7965,
      2490,
      311,
      0,
      0,
    ],
    [
      "pyroblastDot",
      6671731.877595104,
      10455,
      26029,
      7792,
      0,
      0,
      0,
    ],
    [
      "fireBlast",
      20312202.578772478,
      20212,
      14629,
      5024,
      559,
      0,
      0,
    ],
    [
      "fireball",
      32703783.692006968,
      22811,
      18204,
      3928,
      679,
      0,
      0,
    ],
    [
      "fireballDot",
      1153754.462169484,
      22132,
      42301,
      9544,
      0,
      0,
      0,
    ],
  ],
  "dps": {
    "ci95": 2.2643848316970763,
    "mean": 529.5931064468646,
    "stdev": 36.534414018736086,
  },
  "durationSec": 179.690222,
  "mana": {
    "max": 5223,
    "regeneratedPerFight": 9289.39055,
    "restored": [
      {
        "id": "masterOfElements",
        "name": "Master of Elements",
        "perFight": 1523.54975,
      },
      {
        "id": "manaRuby",
        "name": "Mana Ruby",
        "perFight": 1100.2292,
      },
      {
        "id": "manaCitrine",
        "name": "Mana Citrine",
        "perFight": 851.2493000000001,
      },
      {
        "id": "majorManaPotion",
        "name": "Major Mana Potion",
        "perFight": 3535.5163,
      },
    ],
    "restoredPerFight": 7010.54455,
    "spentPerFight": 20729.58,
  },
  "tps": {
    "ci95": 1.6549514510803884,
    "mean": 390.26449953661927,
    "stdev": 26.70159270116835,
  },
}
`;
