// Vitest Snapshot v1, https://vitest.dev/guide/snapshot.html

exports[`golden run (fixed config and seed) > keeps the default Fire mage’s result unchanged 1`] = `
{
  "abilities": [
    [
      "ignite",
      8626835.75197817,
      15907,
      26440,
      0,
      0,
      0,
      0,
    ],
    [
      "scorch",
      6976438.087010813,
      12556,
      7777,
      4424,
      355,
      0,
      0,
    ],
    [
      "pyroblast",
      16445504.111545514,
      10789,
      8004,
      2461,
      324,
      0,
      0,
    ],
    [
      "pyroblastDot",
      6195284.585084293,
      10465,
      26143,
      7780,
      0,
      0,
      0,
    ],
    [
      "fireBlast",
      19553551.99885957,
      20281,
      14585,
      5107,
      589,
      0,
      0,
    ],
    [
      "fireball",
      29859576.629055753,
      23051,
      18469,
      3915,
      667,
      0,
      0,
    ],
    [
      "fireballDot",
      1081085.9193748015,
      22384,
      42429,
      9606,
      0,
      0,
      0,
    ],
  ],
  "dps": {
    "ci95": 2.107998720357216,
    "mean": 494.12897881662786,
    "stdev": 34.01122323486718,
  },
  "durationSec": 179.690222,
  "mana": {
    "max": 5223,
    "regeneratedPerFight": 9144.177800000001,
    "restored": [
      {
        "id": "masterOfElements",
        "name": "Master of Elements",
        "perFight": 1506.2912,
      },
      {
        "id": "manaRuby",
        "name": "Mana Ruby",
        "perFight": 1100.3953999999999,
      },
      {
        "id": "manaCitrine",
        "name": "Mana Citrine",
        "perFight": 850.9519,
      },
      {
        "id": "majorManaPotion",
        "name": "Major Mana Potion",
        "perFight": 3537.2405,
      },
    ],
    "restoredPerFight": 6994.879,
    "spentPerFight": 20536.2,
  },
  "tps": {
    "ci95": 1.542846067129784,
    "mean": 365.3934712356227,
    "stdev": 24.89284338716099,
  },
}
`;
