// Vitest Snapshot v1, https://vitest.dev/guide/snapshot.html

exports[`golden run (fixed config and seed) > keeps the default Frost mage’s result unchanged 1`] = `
{
  "abilities": [
    [
      "frostbolt",
      74437556.56304757,
      72472,
      51313,
      14547,
      6612,
      0,
      0,
    ],
  ],
  "dps": {
    "ci95": 1.4045167744139815,
    "mean": 414.13777979747175,
    "stdev": 22.66098792679279,
  },
  "durationSec": 179.690222,
  "mana": {
    "max": 4968,
    "regeneratedPerFight": 8244.2942,
    "restored": [
      {
        "id": "manaRuby",
        "name": "Mana Ruby",
        "perFight": 1102.4861,
      },
      {
        "id": "manaCitrine",
        "name": "Mana Citrine",
        "perFight": 852.6663000000001,
      },
      {
        "id": "majorManaPotion",
        "name": "Major Mana Potion",
        "perFight": 1854.9922,
      },
    ],
    "restoredPerFight": 3810.1446,
    "spentPerFight": 14589.536,
  },
  "tps": {
    "ci95": 0.9858494350106299,
    "mean": 300.5216040388039,
    "stdev": 15.906055770485631,
  },
}
`;
