// Vitest Snapshot v1, https://vitest.dev/guide/snapshot.html

exports[`golden run (fixed config and seed) > keeps the default Frost mage’s result unchanged 1`] = `
{
  "abilities": [
    [
      "frostbolt",
      70051659.65633714,
      72472,
      51812,
      14048,
      6612,
      0,
      0,
    ],
  ],
  "dps": {
    "ci95": 1.3202074545353704,
    "mean": 389.7375110134273,
    "stdev": 21.30071048853829,
  },
  "durationSec": 179.690222,
  "mana": {
    "max": 5238,
    "regeneratedPerFight": 8244.2942,
    "restored": [
      {
        "id": "manaRuby",
        "name": "Mana Ruby",
        "perFight": 1102.4861,
      },
      {
        "id": "manaCitrine",
        "name": "Mana Citrine",
        "perFight": 852.6663000000001,
      },
      {
        "id": "majorManaPotion",
        "name": "Major Mana Potion",
        "perFight": 1854.9922,
      },
    ],
    "restoredPerFight": 3810.1446,
    "spentPerFight": 14589.536,
  },
  "tps": {
    "ci95": 0.9264205434397227,
    "mean": 283.441415889973,
    "stdev": 14.94720827295189,
  },
}
`;
