// Vitest Snapshot v1, https://vitest.dev/guide/snapshot.html

exports[`golden run (fixed config and seed) > keeps the default Shadow Priest’s result unchanged 1`] = `
{
  "abilities": [
    [
      "shadowWordPain",
      21382991.314106442,
      7902,
      50313,
      7312,
      400,
    ],
    [
      "devouringPlague",
      5290751.979263747,
      3210,
      23436,
      0,
      154,
    ],
    [
      "mindBlast",
      22983882.191535324,
      21877,
      17824,
      2936,
      1117,
    ],
    [
      "mindFlay",
      51927035.01181605,
      46217,
      106960,
      15450,
      4890,
    ],
  ],
  "cooldowns": [
    [
      "berserking",
      1.482,
      7.5015851446830535,
    ],
    [
      "majorManaPotion",
      1.195,
      null,
    ],
    [
      "innerFocus",
      1.322,
      null,
    ],
    [
      "shadowWeaving",
      null,
      99.95826150184176,
    ],
  ],
  "dps": {
    "ci95": 1.0602554343530892,
    "mean": 565.366090789227,
    "stdev": 17.106549408935717,
  },
  "durationSec": 179.690222,
  "mana": {
    "max": 5506,
    "regeneratedPerFight": 5252.8542,
    "restored": [
      {
        "id": "majorManaPotion",
        "name": "Major Mana Potion",
        "perFight": 2153.7791,
      },
    ],
    "restoredPerFight": 2153.7791,
    "spentPerFight": 10617.426,
  },
}
`;
