// Vitest Snapshot v1, https://vitest.dev/guide/snapshot.html

exports[`golden run (fixed config and seed) > keeps the default Shadow Priest’s result unchanged 1`] = `
{
  "abilities": [
    [
      "shadowWordPain",
      20183594.781154983,
      7902,
      50313,
      7312,
      400,
    ],
    [
      "devouringPlague",
      5074527.121872915,
      3210,
      23436,
      0,
      154,
    ],
    [
      "mindBlast",
      22091285.650024854,
      21877,
      17824,
      2936,
      1117,
    ],
    [
      "mindFlay",
      49339664.49684438,
      46217,
      106960,
      15450,
      4890,
    ],
  ],
  "cooldowns": [
    [
      "berserking",
      1.482,
      7.5015851446830535,
    ],
    [
      "majorManaPotion",
      1.195,
      null,
    ],
    [
      "innerFocus",
      1.322,
      null,
    ],
    [
      "shadowWeaving",
      null,
      99.95826150184176,
    ],
  ],
  "dps": {
    "ci95": 1.0123439569129626,
    "mean": 538.1198608090039,
    "stdev": 16.333528088290745,
  },
  "durationSec": 179.690222,
  "mana": {
    "max": 5506,
    "regeneratedPerFight": 5252.8542,
    "restored": [
      {
        "id": "majorManaPotion",
        "name": "Major Mana Potion",
        "perFight": 2153.7791,
      },
    ],
    "restoredPerFight": 2153.7791,
    "spentPerFight": 10617.426,
  },
}
`;
