// Vitest Snapshot v1, https://vitest.dev/guide/snapshot.html

exports[`golden run and determinism (docs/doctrine.md#4-engine) > keeps the default Balance druid’s result unchanged 1`] = `
{
  "abilities": [
    [
      "insectSwarm",
      10159970.101049252,
      12223,
      65802,
      12855,
      939,
    ],
    [
      "moonfire",
      3347856.574401735,
      10871,
      7828,
      2844,
      199,
    ],
    [
      "moonfireDot",
      9792981.217288733,
      10672,
      39117,
      13954,
      0,
    ],
    [
      "starfire",
      39928445.123633355,
      41867,
      34287,
      6744,
      836,
    ],
    [
      "wrath",
      9904310.96310718,
      25227,
      20701,
      4039,
      487,
    ],
  ],
  "assumptions": [
    "reactionTimeMage",
    "gcdHaste",
    "ratingsInCombat",
    "baseStatPlaceholders",
    "classicItems",
    "unmodelledProcs",
    "draconicEmblemChance",
    "preAqRanks",
    "balanceSpells",
    "balanceDotCrits",
    "balanceNaturesGrace",
    "balanceEclipse",
    "balanceOmenOfClarity",
    "manaRegenBalance",
  ],
  "dps": {
    "ci95": 1.2011144971960865,
    "mean": 407.2494305949771,
    "stdev": 19.379221106855695,
  },
  "durationSec": 179.690222,
  "mana": {
    "max": 5134,
    "regeneratedPerFight": 5073.6101,
    "restored": [
      {
        "id": "majorManaPotion",
        "name": "Major Mana Potion",
        "perFight": 3593.2005,
      },
    ],
    "restoredPerFight": 3593.2005,
    "spentPerFight": 13386.024,
  },
}
`;
