// Vitest Snapshot v1, https://vitest.dev/guide/snapshot.html

exports[`golden run and determinism (docs/doctrine.md#4-engine) > keeps the default Balance druid’s result unchanged 1`] = `
{
  "abilities": [
    [
      "insectSwarm",
      10938354.074570116,
      12262,
      66517,
      12372,
      944,
    ],
    [
      "moonfire",
      3372256.526269684,
      10953,
      8007,
      2752,
      194,
    ],
    [
      "moonfireDot",
      9947061.927108169,
      10759,
      39673,
      13810,
      0,
    ],
    [
      "starfire",
      40696210.6880224,
      42351,
      35030,
      6503,
      818,
    ],
    [
      "wrath",
      10420697.345366333,
      24671,
      20370,
      3795,
      506,
    ],
  ],
  "assumptions": [
    "reactionTimeMage",
    "gcdHaste",
    "ratingsInCombat",
    "baseStatPlaceholders",
    "classicItems",
    "unmodelledProcs",
    "draconicEmblemChance",
    "preAqRanks",
    "balanceSpells",
    "balanceDotCrits",
    "balanceNaturesGrace",
    "balanceEclipse",
    "balanceOmenOfClarity",
    "manaRegenBalance",
  ],
  "dps": {
    "ci95": 1.153381076749883,
    "mean": 419.70673874884164,
    "stdev": 18.60907262294936,
  },
  "durationSec": 179.690222,
  "mana": {
    "max": 5419,
    "regeneratedPerFight": 4967.361400000001,
    "restored": [
      {
        "id": "majorManaPotion",
        "name": "Major Mana Potion",
        "perFight": 3577.5582000000004,
      },
    ],
    "restoredPerFight": 3577.5582000000004,
    "spentPerFight": 13501.976,
  },
}
`;
