// Vitest Snapshot v1, https://vitest.dev/guide/snapshot.html

exports[`golden runs (fixed config and seed) > keeps the default warlock-demonology’s result unchanged 1`] = `
{
  "abilities": [
    [
      "immolate",
      null,
      5095989.963299724,
      12424,
      9631,
      1550,
      1243,
      0,
    ],
    [
      "immolateDot",
      null,
      11981771.257364055,
      11181,
      45535,
      7695,
      0,
      0,
    ],
    [
      "corruption",
      null,
      11899645.559618615,
      10283,
      44708,
      7512,
      1037,
      0,
    ],
    [
      "baneOfDoom",
      null,
      10284857.882244004,
      2178,
      1682,
      255,
      241,
      0,
    ],
    [
      "baneOfAgony",
      null,
      3016148.4004278844,
      2374,
      15984,
      2708,
      231,
      0,
    ],
    [
      "soulFire",
      null,
      9739681.148708634,
      5996,
      4617,
      775,
      604,
      0,
    ],
    [
      "shadowBolt",
      null,
      38364790.73733172,
      36668,
      28360,
      4763,
      3545,
      0,
    ],
    [
      "imp.firebolt",
      "Imp",
      28751251.147057626,
      154192,
      118735,
      20221,
      15236,
      0,
    ],
  ],
  "cooldowns": [
    [
      "demonicSacrifice",
      1,
      100,
    ],
    [
      "soulLink",
      1,
      100,
    ],
    [
      "masterDemonologist",
      1,
      100,
    ],
    [
      "demonicKnowledge",
      1,
      100,
    ],
    [
      "bloodFury",
      2,
      16.69539926329436,
    ],
    [
      "majorManaPotion",
      2,
      null,
    ],
    [
      "curseOfTheElements",
      1.123,
      99.89732329453074,
    ],
    [
      "lifeTap",
      17.832,
      null,
    ],
    [
      "draconicInfusedEmblem",
      null,
      98.12363635457025,
    ],
    [
      "shadowVulnerability",
      null,
      27.473314602505194,
    ],
  ],
  "dps": {
    "ci95": 1.820663778632694,
    "mean": 663.0378983024038,
    "stdev": 29.37525607236614,
  },
  "mana": {
    "max": 6190,
    "regeneratedPerFight": 2207.284,
    "restored": [
      {
        "id": "majorManaPotion",
        "name": "Major Mana Potion",
        "perFight": 3613.6349,
      },
      {
        "id": "lifeTap",
        "name": "Life Tap",
        "perFight": 11323.32,
      },
    ],
    "restoredPerFight": 14936.9549,
    "spentPerFight": 22522.912,
  },
}
`;
