// Vitest Snapshot v1, https://vitest.dev/guide/snapshot.html

exports[`golden runs (fixed config and seed) > keeps the default warlock-affliction’s result unchanged 1`] = `
{
  "abilities": [
    [
      "corruption",
      18328761.22628879,
      10115,
      44228,
      10432,
      483,
    ],
    [
      "baneOfDoom",
      14831361.80313475,
      2304,
      1748,
      439,
      117,
    ],
    [
      "baneOfAgony",
      3843097.5956646446,
      2107,
      13814,
      3292,
      105,
    ],
    [
      "siphonLife",
      5259800.498628203,
      6364,
      55393,
      0,
      273,
    ],
    [
      "shadowBolt",
      50115245.38892221,
      48414,
      37094,
      8939,
      2381,
    ],
  ],
  "cooldowns": [
    [
      "demonicSacrifice",
      1,
      100,
    ],
    [
      "bloodFury",
      2,
      16.69539926329436,
    ],
    [
      "majorManaPotion",
      2,
      null,
    ],
    [
      "curseOfTheElements",
      1.05,
      99.95826150184176,
    ],
    [
      "lifeTap",
      19.125,
      null,
    ],
    [
      "draconicInfusedEmblem",
      null,
      99.07877569431686,
    ],
    [
      "shadowTrance",
      null,
      2.3408942084784115,
    ],
  ],
  "dps": {
    "ci95": 1.6124701205144498,
    "mean": 514.0486761781308,
    "stdev": 26.01618335853484,
  },
  "mana": {
    "max": 6000,
    "regeneratedPerFight": 2413.503,
    "restored": [
      {
        "id": "majorManaPotion",
        "name": "Major Mana Potion",
        "perFight": 3600.5006000000003,
      },
      {
        "id": "lifeTap",
        "name": "Life Tap",
        "perFight": 14412.6,
      },
    ],
    "restoredPerFight": 18013.1006,
    "spentPerFight": 25513.485,
  },
}
`;

exports[`golden runs (fixed config and seed) > keeps the default warlock-destruction’s result unchanged 1`] = `
{
  "abilities": [
    [
      "immolate",
      7329687.455397219,
      11695,
      9529,
      1608,
      558,
    ],
    [
      "immolateDot",
      11001962.775591053,
      11137,
      45484,
      7580,
      0,
    ],
    [
      "conflagrate",
      15755744.26544644,
      15864,
      9038,
      6031,
      795,
    ],
    [
      "shadowburn",
      7851141.637335332,
      10855,
      8840,
      1479,
      536,
    ],
    [
      "corruption",
      11890071.42457317,
      9338,
      42932,
      7272,
      476,
    ],
    [
      "baneOfDoom",
      10011268.879480004,
      2049,
      1662,
      280,
      107,
    ],
    [
      "baneOfAgony",
      2887581.637475093,
      2199,
      15968,
      2686,
      105,
    ],
    [
      "incinerate",
      40669100.51735941,
      34157,
      27960,
      4551,
      1646,
    ],
  ],
  "cooldowns": [
    [
      "demonicSacrifice",
      1,
      100,
    ],
    [
      "bloodFury",
      2,
      16.69539926329436,
    ],
    [
      "majorManaPotion",
      2,
      null,
    ],
    [
      "curseOfTheElements",
      1.05,
      99.95826150184176,
    ],
    [
      "lifeTap",
      18.63,
      null,
    ],
    [
      "draconicInfusedEmblem",
      null,
      98.26540088530805,
    ],
    [
      "shadowAndFlameShadow",
      null,
      96.5580865051188,
    ],
    [
      "shadowAndFlameFire",
      null,
      93.33903655592344,
    ],
  ],
  "dps": {
    "ci95": 1.5059251523218447,
    "mean": 597.8569995302705,
    "stdev": 24.297147828410584,
  },
  "mana": {
    "max": 6190,
    "regeneratedPerFight": 2335.918,
    "restored": [
      {
        "id": "majorManaPotion",
        "name": "Major Mana Potion",
        "perFight": 3583.103,
      },
      {
        "id": "lifeTap",
        "name": "Life Tap",
        "perFight": 14196.06,
      },
    ],
    "restoredPerFight": 17779.163,
    "spentPerFight": 25639.235,
  },
}
`;
