// Vitest Snapshot v1, https://vitest.dev/guide/snapshot.html

exports[`golden runs (fixed config and seed) > keeps the default warlock-affliction’s result unchanged 1`] = `
{
  "abilities": [
    [
      "corruption",
      18027940.81714721,
      10115,
      44228,
      10432,
      483,
    ],
    [
      "baneOfDoom",
      14540281.681186752,
      2304,
      1748,
      439,
      117,
    ],
    [
      "baneOfAgony",
      3761055.3738111556,
      2107,
      13814,
      3292,
      105,
    ],
    [
      "siphonLife",
      5184619.701962821,
      6364,
      55393,
      0,
      273,
    ],
    [
      "shadowBolt",
      49021523.36610208,
      48414,
      37094,
      8939,
      2381,
    ],
  ],
  "cooldowns": [
    [
      "demonicSacrifice",
      1,
      100,
    ],
    [
      "bloodFury",
      2,
      16.69539926329436,
    ],
    [
      "majorManaPotion",
      2,
      null,
    ],
    [
      "curseOfTheElements",
      1.05,
      99.95826150184176,
    ],
    [
      "lifeTap",
      19.125,
      null,
    ],
    [
      "shadowTrance",
      null,
      2.3408942084784115,
    ],
  ],
  "dps": {
    "ci95": 1.5800768272286976,
    "mean": 503.79468124846966,
    "stdev": 25.493538103291257,
  },
  "mana": {
    "max": 6000,
    "regeneratedPerFight": 2413.503,
    "restored": [
      {
        "id": "majorManaPotion",
        "name": "Major Mana Potion",
        "perFight": 3600.5006000000003,
      },
      {
        "id": "lifeTap",
        "name": "Life Tap",
        "perFight": 14412.6,
      },
    ],
    "restoredPerFight": 18013.1006,
    "spentPerFight": 25513.485,
  },
}
`;

exports[`golden runs (fixed config and seed) > keeps the default warlock-destruction’s result unchanged 1`] = `
{
  "abilities": [
    [
      "immolate",
      7236664.733760086,
      11695,
      9529,
      1608,
      558,
    ],
    [
      "immolateDot",
      10811943.450783662,
      11137,
      45484,
      7580,
      0,
    ],
    [
      "conflagrate",
      15492740.07911885,
      15864,
      9038,
      6031,
      795,
    ],
    [
      "shadowburn",
      7722457.764577883,
      10855,
      8840,
      1479,
      536,
    ],
    [
      "corruption",
      11639955.985812046,
      9338,
      42932,
      7272,
      476,
    ],
    [
      "baneOfDoom",
      9812735.08907998,
      2049,
      1662,
      280,
      107,
    ],
    [
      "baneOfAgony",
      2825525.44007187,
      2199,
      15968,
      2686,
      105,
    ],
    [
      "incinerate",
      39716656.48416998,
      34157,
      27960,
      4551,
      1646,
    ],
  ],
  "cooldowns": [
    [
      "demonicSacrifice",
      1,
      100,
    ],
    [
      "bloodFury",
      2,
      16.69539926329436,
    ],
    [
      "majorManaPotion",
      2,
      null,
    ],
    [
      "curseOfTheElements",
      1.05,
      99.95826150184176,
    ],
    [
      "lifeTap",
      18.63,
      null,
    ],
    [
      "shadowAndFlameShadow",
      null,
      96.5580865051188,
    ],
    [
      "shadowAndFlameFire",
      null,
      93.33903655592344,
    ],
  ],
  "dps": {
    "ci95": 1.474880345591444,
    "mean": 585.9561507338406,
    "stdev": 23.796259549023,
  },
  "mana": {
    "max": 6190,
    "regeneratedPerFight": 2335.918,
    "restored": [
      {
        "id": "majorManaPotion",
        "name": "Major Mana Potion",
        "perFight": 3583.103,
      },
      {
        "id": "lifeTap",
        "name": "Life Tap",
        "perFight": 14196.06,
      },
    ],
    "restoredPerFight": 17779.163,
    "spentPerFight": 25639.235,
  },
}
`;
