// Vitest Snapshot v1, https://vitest.dev/guide/snapshot.html

exports[`golden run (fixed config and seed) > keeps the default Elemental shaman’s result unchanged 1`] = `
{
  "abilities": [
    [
      "flameShock",
      4434197.719999746,
      11776,
      8906,
      2153,
      717,
    ],
    [
      "flameShockDot",
      5989141.432593552,
      11059,
      34528,
      8349,
      0,
    ],
    [
      "lavaBurst",
      10263238.3338991,
      10768,
      8182,
      1966,
      620,
    ],
    [
      "chainLightning",
      2173194.6305209026,
      3689,
      2685,
      784,
      220,
    ],
    [
      "lightningBolt",
      27885009.90215552,
      35332,
      25782,
      7434,
      2116,
    ],
    [
      "lightningBoltRank4",
      18954600.500754632,
      31126,
      22648,
      6604,
      1874,
    ],
    [
      "lightningOverloadChain",
      106704.91604858085,
      368,
      274,
      70,
      24,
    ],
    [
      "lightningOverload",
      1321474.4984452187,
      3315,
      2412,
      710,
      193,
    ],
    [
      "lightningOverloadRank4",
      922271.6872883758,
      2984,
      2170,
      645,
      169,
    ],
  ],
  "dps": {
    "ci95": 1.2431803259912528,
    "mean": 401.0735148573791,
    "stdev": 20.05792659177632,
  },
  "durationSec": 179.690222,
  "mana": {
    "max": 4915,
    "regeneratedPerFight": 4772.7047999999995,
    "restored": [
      {
        "id": "manaTideTotem",
        "name": "Mana Tide Totem",
        "perFight": 1160,
      },
      {
        "id": "majorManaPotion",
        "name": "Major Mana Potion",
        "perFight": 3604.1277,
      },
    ],
    "restoredPerFight": 4764.1277,
    "spentPerFight": 14169.858,
  },
  "tps": {
    "ci95": 0.8398420069360465,
    "mean": 284.89326906269036,
    "stdev": 13.550318462755213,
  },
}
`;
