// Vitest Snapshot v1, https://vitest.dev/guide/snapshot.html

exports[`golden run (fixed config and seed) > keeps the default Elemental shaman’s result unchanged 1`] = `
{
  "abilities": [
    [
      "flameShock",
      4502883.731838334,
      11729,
      9008,
      2141,
      580,
    ],
    [
      "flameShockDot",
      6131031.848392699,
      11149,
      34793,
      8494,
      0,
    ],
    [
      "lavaBurst",
      10420141.522510232,
      10595,
      8098,
      1993,
      504,
    ],
    [
      "chainLightning",
      2171065.7311055185,
      3680,
      2733,
      805,
      142,
    ],
    [
      "lightningBolt",
      27471675.585144736,
      35065,
      25750,
      7540,
      1775,
    ],
    [
      "lightningBoltRank4",
      19089636.705227457,
      31447,
      23192,
      6687,
      1568,
    ],
    [
      "lightningOverloadChain",
      108979.61443743916,
      379,
      280,
      77,
      22,
    ],
    [
      "lightningOverload",
      1340101.780396422,
      3360,
      2459,
      750,
      151,
    ],
    [
      "lightningOverloadRank4",
      904533.8637239726,
      2969,
      2186,
      626,
      157,
    ],
  ],
  "dps": {
    "ci95": 1.2550946614157872,
    "mean": 401.6245710820524,
    "stdev": 20.250156842158187,
  },
  "durationSec": 179.690222,
  "mana": {
    "max": 4975,
    "regeneratedPerFight": 4566.741099999999,
    "restored": [
      {
        "id": "manaTideTotem",
        "name": "Mana Tide Totem",
        "perFight": 1160,
      },
      {
        "id": "majorManaPotion",
        "name": "Major Mana Potion",
        "perFight": 3602.8489,
      },
    ],
    "restoredPerFight": 4762.8489,
    "spentPerFight": 14051.542,
  },
  "tps": {
    "ci95": 0.8548008481134914,
    "mean": 285.26526851366395,
    "stdev": 13.791669883753604,
  },
}
`;
