// Vitest Snapshot v1, https://vitest.dev/guide/snapshot.html

exports[`golden run (fixed config and seed) > keeps the default Retribution paladin’s result unchanged 1`] = `
{
  "abilities": [
    [
      "mainHand",
      34203187.94014498,
      47644,
      11203,
      14319,
      0,
      3052,
      19070,
    ],
    [
      "handOfJustice",
      882076.573593058,
      1237,
      300,
      359,
      0,
      89,
      489,
    ],
    [
      "windfury",
      15709382.88275205,
      19626,
      4552,
      5965,
      0,
      1240,
      7869,
    ],
    [
      "judgementOfCommand",
      11108484.227630535,
      21923,
      15273,
      6650,
      0,
      0,
      0,
    ],
    [
      "hammerOfWrath",
      5652475.279011719,
      6236,
      4351,
      1885,
      0,
      0,
      0,
    ],
    [
      "holyStrike",
      14593783.036858559,
      17753,
      11267,
      5325,
      0,
      1161,
      0,
    ],
    [
      "consecration",
      12422823.347091638,
      20692,
      122434,
      26775,
      14373,
      0,
      0,
    ],
    [
      "consecrationRank1",
      212703.34200000556,
      784,
      3898,
      896,
      461,
      0,
      0,
    ],
    [
      "sealOfCommandProc",
      17372103.521119826,
      23299,
      14771,
      7018,
      0,
      1510,
      0,
    ],
  ],
  "dps": {
    "ci95": 2.3449594315911657,
    "mean": 624.3024158301496,
    "stdev": 37.83443411722723,
  },
  "durationSec": 179.690222,
  "mana": {
    "max": 3422,
    "regeneratedPerFight": 2338.6292000000003,
    "restored": [
      {
        "id": "sanctifiedJudgement",
        "name": "Sanctified Judgement",
        "perFight": 2832.4351,
      },
      {
        "id": "majorManaPotion",
        "name": "Major Mana Potion",
        "perFight": 2611.5729,
      },
    ],
    "restoredPerFight": 5444.008,
    "spentPerFight": 10359.602,
  },
  "tps": {
    "ci95": 1.3141708298820993,
    "mean": 364.6695828817427,
    "stdev": 21.20331337596665,
  },
}
`;
