// Vitest Snapshot v1, https://vitest.dev/guide/snapshot.html

exports[`golden run (fixed config and seed) > keeps the default Retribution paladin’s result unchanged 1`] = `
{
  "abilities": [
    [
      "mainHand",
      33196407.669692706,
      47709,
      11234,
      14321,
      0,
      3067,
      19087,
    ],
    [
      "handOfJustice",
      882809.5459487129,
      1232,
      288,
      350,
      0,
      84,
      510,
    ],
    [
      "windfury",
      15204934.839955099,
      19516,
      4557,
      5934,
      0,
      1226,
      7799,
    ],
    [
      "judgementOfCommand",
      11096027.349838447,
      21917,
      15295,
      6622,
      0,
      0,
      0,
    ],
    [
      "hammerOfWrath",
      5656306.3540327605,
      6230,
      4334,
      1896,
      0,
      0,
      0,
    ],
    [
      "holyStrike",
      11897842.102984091,
      17690,
      11162,
      5361,
      0,
      1167,
      0,
    ],
    [
      "consecration",
      12230220.939892074,
      20487,
      120603,
      26318,
      14260,
      0,
      0,
    ],
    [
      "consecrationRank1",
      281080.68885000783,
      1002,
      5187,
      1160,
      609,
      0,
      0,
    ],
    [
      "sealOfCommandProc",
      16850812.685096707,
      23174,
      14703,
      6996,
      0,
      1475,
      0,
    ],
  ],
  "dps": {
    "ci95": 2.190402026276653,
    "mean": 597.2567247692515,
    "stdev": 35.34074834598399,
  },
  "durationSec": 179.690222,
  "mana": {
    "max": 3422,
    "regeneratedPerFight": 2214.0332999999996,
    "restored": [
      {
        "id": "sanctifiedJudgement",
        "name": "Sanctified Judgement",
        "perFight": 2842.542,
      },
      {
        "id": "majorManaPotion",
        "name": "Major Mana Potion",
        "perFight": 2647.108,
      },
    ],
    "restoredPerFight": 5489.65,
    "spentPerFight": 10311.301,
  },
  "tps": {
    "ci95": 1.2246466317224296,
    "mean": 349.6612738567603,
    "stdev": 19.758897182006606,
  },
}
`;
