// Vitest Snapshot v1, https://vitest.dev/guide/snapshot.html

exports[`golden run (fixed config and seed) > keeps the default Retribution paladin’s result unchanged 1`] = `
{
  "abilities": [
    [
      "mainHand",
      37309446.98781155,
      47607,
      11297,
      14230,
      0,
      3065,
      19015,
    ],
    [
      "handOfJustice",
      956837.3264286252,
      1208,
      268,
      365,
      0,
      80,
      495,
    ],
    [
      "windfury",
      17119355.762151506,
      19606,
      4614,
      5926,
      0,
      1288,
      7778,
    ],
    [
      "judgementOfCommand",
      11749277.209468001,
      21949,
      15271,
      6678,
      0,
      0,
      0,
    ],
    [
      "hammerOfWrath",
      5948744.683890359,
      6145,
      4285,
      1860,
      0,
      0,
      0,
    ],
    [
      "holyStrike",
      11110814.019558657,
      17727,
      11183,
      5385,
      0,
      1159,
      0,
    ],
    [
      "consecration",
      5354567.009968181,
      8451,
      50546,
      10989,
      6073,
      0,
      0,
    ],
    [
      "consecrationRank1",
      4266795.544679569,
      13002,
      76168,
      16511,
      8952,
      0,
      0,
    ],
    [
      "sealOfCommandProc",
      18288680.722884893,
      23230,
      14711,
      6964,
      0,
      1555,
      0,
    ],
  ],
  "dps": {
    "ci95": 2.4878498295020335,
    "mean": 624.0651735479736,
    "stdev": 40.13988011894111,
  },
  "durationSec": 179.690222,
  "mana": {
    "max": 3392,
    "regeneratedPerFight": 2365.0931,
    "restored": [
      {
        "id": "sanctifiedJudgement",
        "name": "Sanctified Judgement",
        "perFight": 2846.4148,
      },
      {
        "id": "majorManaPotion",
        "name": "Major Mana Potion",
        "perFight": 3477.0442000000003,
      },
    ],
    "restoredPerFight": 6323.459,
    "spentPerFight": 11644.198,
  },
  "tps": {
    "ci95": 1.4023593164837358,
    "mean": 367.1048053172063,
    "stdev": 22.626178710555223,
  },
}
`;
